Test measure class MBaseline
--------------------------------------

MBaseline state transition matrix:

   |  0  1  2  3  4  5  6  7  8  9 10 11 12 13 14 15 16 17 18 19 20
-------------------------------------------------------------------
  0| --  6  6 14  4  4  4  2 14 14 14 14 14 14 30  6  6  2 14 14 43
   |     1  1 13  4  4  4  7 13 13 13 13 13 13 14  1  1  7 13 13 20
  1|  8 --  9  8  8  8  8  8  8  8  8  8  8  8  8 32  9  8  8  8  8
   |  0     2  0  0  0  0  0  0  0  0  0  0  0  0 15  2  0  0  0  0
  2| 12 12 -- 12 12 12 12 12 12 12 12 12 12 12 12 12 34 12 12 12 12
   |  1  1     1  1  1  1  1  1  1  1  1  1  1  1  1 16  1  1  1  1
  3| 28 28 28 -- 17 17 17 28 18 18 18 18 18 28 28 28 28 28 18 18 28
   | 13 13 13     4  4  4 13 19 19 19 19 19 13 13 13 13 13 19 19 13
  4|  5  5  5 16 --  7  7  3 16 16 16 16 16  5  5  5  5  3 16 16  5
   |  0  0  0  3     5  5  7  3  3  3  3  3  0  0  0  0  7  3  3  0
  5| 10 10 10 10 10 -- 11 10 10 10 10 10 10 10 10 10 10 10 10 10 10
   |  4  4  4  4  4     6  4  4  4  4  4  4  4  4  4  4  4  4  4  4
  6| 13 13 13 13 13 13 -- 13 13 13 13 13 13 13 13 13 13 13 13 13 13
   |  5  5  5  5  5  5     5  5  5  5  5  5  5  5  5  5  5  5  5  5
  7|  0  0  0  0  1  1  1 --  0  0  0  0  0  0  0  0  0 36  0  0  0
   |  0  0  0  0  4  4  4     0  0  0  0  0  0  0  0  0 17  0  0  0
  8| 23 23 23 23 23 23 23 23 -- 19 19 20 20 23 23 23 23 23 39 23 23
   | 19 19 19 19 19 19 19 19     9  9 11 11 19 19 19 19 19 18 19 19
  9| 21 21 21 21 21 21 21 21 21 -- 24 21 21 21 21 21 21 21 21 21 21
   |  8  8  8  8  8  8  8  8  8    10  8  8  8  8  8  8  8  8  8  8
 10| 26 26 26 26 26 26 26 26 26 26 -- 26 26 26 26 26 26 26 26 26 26
   |  9  9  9  9  9  9  9  9  9  9     9  9  9  9  9  9  9  9  9  9
 11| 22 22 22 22 22 22 22 22 22 22 22 -- 25 22 22 22 22 22 22 22 22
   |  8  8  8  8  8  8  8  8  8  8  8    12  8  8  8  8  8  8  8  8
 12| 27 27 27 27 27 27 27 27 27 27 27 27 -- 27 27 27 27 27 27 27 27
   | 11 11 11 11 11 11 11 11 11 11 11 11    11 11 11 11 11 11 11 11
 13| 15 15 15 29 15 15 15 15 29 29 29 29 29 -- 15 15 15 15 29 29 15
   |  0  0  0  3  0  0  0  0  3  3  3  3  3     0  0  0  0  3  3  0
 14| 31 31 31 31 31 31 31 31 31 31 31 31 31 31 -- 31 31 31 31 31 31
   |  0  0  0  0  0  0  0  0  0  0  0  0  0  0     0  0  0  0  0  0
 15| 33 33 33 33 33 33 33 33 33 33 33 33 33 33 33 -- 33 33 33 33 33
   |  1  1  1  1  1  1  1  1  1  1  1  1  1  1  1     1  1  1  1  1
 16| 35 35 35 35 35 35 35 35 35 35 35 35 35 35 35 35 -- 35 35 35 35
   |  2  2  2  2  2  2  2  2  2  2  2  2  2  2  2  2     2  2  2  2
 17| 37 37 37 37 37 37 37 37 37 37 37 37 37 37 37 37 37 -- 37 37 37
   |  7  7  7  7  7  7  7  7  7  7  7  7  7  7  7  7  7     7  7  7
 18| 38 38 38 38 38 38 38 38 38 38 38 38 38 38 38 38 38 38 -- 38 38
   |  8  8  8  8  8  8  8  8  8  8  8  8  8  8  8  8  8  8     8  8
 19| 41 41 41 41 41 41 41 41 40 40 40 40 40 41 41 41 41 41 40 -- 41
   |  3  3  3  3  3  3  3  3  8  8  8  8  8  3  3  3  3  3  8     3
 20| 42 42 42 42 42 42 42 42 42 42 42 42 42 42 42 42 42 42 42 42 --
   |  0  0  0  0  0  0  0  0  0  0  0  0  0  0  0  0  0  0  0  0   

Baseline: [100, 10, 1e-08]
Baseline: Baseline: [100, 10, 1e-08]
Baseline reference: Reference for an Baseline with Type: ITRF,
Frame: Epoch: 50927::22:18:12.3840
       Position: [-4.75092e+06, 2.79291e+06, -3.20048e+06]
       Direction: [0.17101, 0.0301537, 0.984808]
Baseline reference: Reference for an Baseline with Type: J2000
Test Baseline conversion ...
--------------------------------------
Converted Baseline: [100, 10, 1e-08]
 to Reference for an Baseline with Type: J2000
 as Baseline: [-97.9137, -22.6474, -0.0224705]
Back      Baseline: [100, 10, 1e-08] : ok
--------------------------------------
Testing all conversions forward/backward
All forward/backward Baseline conversions: ok
------------------------------------
Exercise all MVBaseline function
putValue:       [23 m, 23 m, 23 m], [23, 23, 23]
BaselineAngle:  -2.1853
BaselineAngle:  -125.209 deg
get:            [39.8372, 0.785398, 0.61548]
getRecordValue: [0.785398 rad, 0.61548 rad, 39.8372 m]
separation:     3.14159
separation:     180 deg
crossProduct:   [-230, 2300, -2070]
getAngle:       [0.785398, 0.61548] rad
getAngle:       [45, 35.2644] deg
getlength:      3983.72 cm
radius:         39.8372
getXRecordValue:[23 m, 23 m, 23 m]
putVector:      [30, 40, 0], [30, 40, 0]
VQ constructor: [23, 23, 23]
Pos constructor:[7, 17, -23]
Q constructor:  [0, 0, 50]
QV constructor: [0.57735, 0.57735, 0.57735]
QV constructor: [19.6299, 19.6299, 19.6299]
V constructor:  [30, 40, 0]
D constructor:  [0, 0, 78]
operator+:      [53, 63, 23]
operator-:      [7, 17, -23]
operator-pre-:  [-23, -23, -23]
operator*:      [23, 19.7536, 25.8418]
operator*:      [46, 46, 46]
assure:         ok
getLength:      50 m
operator*:      2500
operator*       1610
operator*:      2500
clone:          [30, 40, 0]
getVector:      [30, 40, 0]
near:           0
near:           0
nearAbs:        0
!=:             1
==:             0
type:           4
All MVBaseline functions: ok
----------------------------
Exercise all MBaseline function
getType:        1, 9
giveMe:         1, Reference for an Baseline with Type: AZEL
setRefString:   1, Baseline: [100, 10, 1e-08]
assure:         ok
clone:          Baseline: [100, 10, 1e-08]
get:            [10000, 1000, 1e-06] cm
getAngle:       [5.71059, 5.70114e-09] deg
getDefaultType: ITRF
getRefString:   HADEC
myType:         5
type:           5
All MBaseline functions: ok
---------------------------
