>10.3.71.82.19.12.23.
<23.12.19.82.71.3.10.
>10.3.71.82.172.111.103.19.12.23.
<23.12.19.103.111.172.82.71.3.10.
>10.3.71.82.172.111.103.19.12.23.203.221.201.
<201.221.203.23.12.19.103.111.172.82.71.3.10.
>11.4.72.83.173.112.104.20.13.24.204.222.202.
<202.222.204.24.13.20.104.112.173.83.72.4.11.
