11end
0end
2 10
-10 -2
37 -32768
100 108
(37,-32768)(36,44)(35,43)(34,42)(33,41)(32,40)(31,39)(30,38)(100,108)(-10,-2)(2,10)
33 41
101 -32768
-100 -32768
20 -32768
Probeer 10
Ger 1 Darrell 3 Zomaar 32767 Brian 2
(Zomaar,32767)(Darrell,3)(Brian,2)(Ger,1)(Nog eens,20)(Probeer,10)
(Zomaar,32767)(Darrell,3)(Brian,2)(Ger,1)(Nog eens,20)(Probeer,10)
(Zomaar,32767)(Darrell,3)(Brian,2)(Nog eens,20)(Probeer,10)
(ger,100)(Zomaar,32767)(Darrell,3)(Brian,2)(Nog eens,20)(Probeer,10)
(Zomaar,32767)(Darrell,3)(Brian,2)(Ger,1)(Nog eens,20)(Probeer,10)
(B,2)(A,1)
(Zomaar,32767)(Darrell,3)(Brian,2)(Ger,1)(Nog eens,20)(Probeer,10)
