(6,92)(30,4)(21,109)(27,104)(15,79)(2,90)(81,4)(29,109)(28,109)(4,9)
(bambam,(pebbles,8))(homer,(marge,40))(barney,(betty,28))(fred,(wilma,30))
(bambam,(pebbles,8))(homer,(marge,40))(barney,(madona,25))(fred,(anne,12))
marge,40
anne,12
madona,25
(a,97)(b,98)(c,99)(d,100)(e,101)(f,102)
