RecordInterface::define - new fieldNumber exceeds #fields
Record field  cannot be added: length<1
Record field aB cannot be added: no uppercase
Record field A cannot be added: extra==10
RecordRep::defineDataField - incorrect data type used for field TpShort
RecordRep::createDataField: unknown data type
ArrayBase::validateConformance
ArrayBase::validateConformance
ArrayBase::validateConformance
ArrayBase::validateConformance
Record::define - fixed array conformance error for field TpArrayString2
Record::define - fixed array conformance error for field TpBool
Record cannot be changed (fixed structure)
>>> Instance-specific assertion error message:
(Record.cc : 106) Failed AlwaysAssertExit conform (other)
<<<
RecordInterface::asComplex - invalid data type
>>> Instance-specific assertion error message:
(Record.cc : 106) Failed AlwaysAssertExit conform (other)
<<<
>>> Instance-specific assertion error message:
(Record.cc : 290) Failed AlwaysAssertExit this != &other
<<<
RecordDesc::mergeField - duplicate in other
Record cannot be changed (fixed structure)
Record cannot be changed (fixed structure)
OK
