IsSet is unset? : 0
Unset::unsetRecord() is unset? : 1
TooMany is unset? : 1
OK
